// Jest Snapshot v1, https://goo.gl/fbAQLP

exports[`components/AnnouncementBar should match snapshot, bar not showing 1`] = `
<div
  className="announcement-bar announcement-bar-critical"
  style={Object {}}
>
  <OverlayTrigger
    defaultOverlayShown={false}
    delayHide={1000}
    delayShow={400}
    overlay={<React.Fragment />}
    placement="bottom"
    trigger={
      Array [
        "hover",
        "focus",
      ]
    }
  >
    <span>
      <injectIntl(FormattedMarkdownMessage)
        id="text"
      />
      <span
        className="announcement-bar__link"
      />
    </span>
  </OverlayTrigger>
</div>
`;

exports[`components/AnnouncementBar should match snapshot, bar showing 1`] = `
<div
  className="announcement-bar announcement-bar-critical"
  style={Object {}}
>
  <OverlayTrigger
    defaultOverlayShown={false}
    delayHide={1000}
    delayShow={400}
    overlay={<React.Fragment />}
    placement="bottom"
    trigger={
      Array [
        "hover",
        "focus",
      ]
    }
  >
    <span>
      <injectIntl(FormattedMarkdownMessage)
        id="text"
      />
      <span
        className="announcement-bar__link"
      />
    </span>
  </OverlayTrigger>
</div>
`;

exports[`components/AnnouncementBar should match snapshot, bar showing, no dismissal 1`] = `
<div
  className="announcement-bar announcement-bar-critical"
  style={Object {}}
>
  <OverlayTrigger
    defaultOverlayShown={false}
    delayHide={1000}
    delayShow={400}
    overlay={<React.Fragment />}
    placement="bottom"
    trigger={
      Array [
        "hover",
        "focus",
      ]
    }
  >
    <span>
      <injectIntl(FormattedMarkdownMessage)
        id="text"
      />
      <span
        className="announcement-bar__link"
      />
    </span>
  </OverlayTrigger>
</div>
`;

exports[`components/AnnouncementBar should match snapshot, dismissal 1`] = `
<div
  className="announcement-bar announcement-bar-critical"
  style={Object {}}
>
  <OverlayTrigger
    defaultOverlayShown={false}
    delayHide={1000}
    delayShow={400}
    overlay={<React.Fragment />}
    placement="bottom"
    trigger={
      Array [
        "hover",
        "focus",
      ]
    }
  >
    <span>
      <injectIntl(FormattedMarkdownMessage)
        id="text"
      />
      <span
        className="announcement-bar__link"
      />
    </span>
  </OverlayTrigger>
</div>
`;

exports[`components/AnnouncementBar should match snapshot, dismissal 2`] = `
<div
  className="announcement-bar announcement-bar-critical"
  style={Object {}}
>
  <OverlayTrigger
    defaultOverlayShown={false}
    delayHide={1000}
    delayShow={400}
    overlay={<React.Fragment />}
    placement="bottom"
    trigger={
      Array [
        "hover",
        "focus",
      ]
    }
  >
    <span>
      <injectIntl(FormattedMarkdownMessage)
        id="text"
      />
      <span
        className="announcement-bar__link"
      />
    </span>
  </OverlayTrigger>
</div>
`;

exports[`components/AnnouncementBar should match snapshot, dismissal 3`] = `
<div
  className="announcement-bar announcement-bar-critical"
  style={Object {}}
>
  <OverlayTrigger
    defaultOverlayShown={false}
    delayHide={1000}
    delayShow={400}
    overlay={<React.Fragment />}
    placement="bottom"
    trigger={
      Array [
        "hover",
        "focus",
      ]
    }
  >
    <span>
      <injectIntl(FormattedMarkdownMessage)
        id="text"
      />
      <span
        className="announcement-bar__link"
      />
    </span>
  </OverlayTrigger>
</div>
`;

exports[`components/AnnouncementBar should match snapshot, props change 1`] = `
<div
  className="announcement-bar announcement-bar-critical"
  style={Object {}}
>
  <OverlayTrigger
    defaultOverlayShown={false}
    delayHide={1000}
    delayShow={400}
    overlay={<React.Fragment />}
    placement="bottom"
    trigger={
      Array [
        "hover",
        "focus",
      ]
    }
  >
    <span>
      <injectIntl(FormattedMarkdownMessage)
        id="text"
      />
      <span
        className="announcement-bar__link"
      />
    </span>
  </OverlayTrigger>
</div>
`;

exports[`components/AnnouncementBar should match snapshot, props change 2`] = `
<div
  className="announcement-bar announcement-bar-critical"
  style={Object {}}
>
  <OverlayTrigger
    defaultOverlayShown={false}
    delayHide={1000}
    delayShow={400}
    overlay={<React.Fragment />}
    placement="bottom"
    trigger={
      Array [
        "hover",
        "focus",
      ]
    }
  >
    <span>
      <injectIntl(FormattedMarkdownMessage)
        id="text"
      />
      <span
        className="announcement-bar__link"
      />
    </span>
  </OverlayTrigger>
</div>
`;

exports[`components/AnnouncementBar should match snapshot, props change 3`] = `
<div
  className="announcement-bar announcement-bar-critical"
  style={Object {}}
>
  <OverlayTrigger
    defaultOverlayShown={false}
    delayHide={1000}
    delayShow={400}
    overlay={<React.Fragment />}
    placement="bottom"
    trigger={
      Array [
        "hover",
        "focus",
      ]
    }
  >
    <span>
      <injectIntl(FormattedMarkdownMessage)
        id="text"
      />
      <span
        className="announcement-bar__link"
      />
    </span>
  </OverlayTrigger>
</div>
`;

exports[`components/AnnouncementBar should match snapshot, props change 4`] = `
<div
  className="announcement-bar announcement-bar-critical"
  style={Object {}}
>
  <OverlayTrigger
    defaultOverlayShown={false}
    delayHide={1000}
    delayShow={400}
    overlay={<React.Fragment />}
    placement="bottom"
    trigger={
      Array [
        "hover",
        "focus",
      ]
    }
  >
    <span>
      <injectIntl(FormattedMarkdownMessage)
        id="text"
      />
      <span
        className="announcement-bar__link"
      />
    </span>
  </OverlayTrigger>
</div>
`;
